[19:30:46.605] [ORBITAL] [info] Logging initialised
[19:30:46.606] [ORBITAL] [info] ──────────────────────────────────────────
[19:30:46.606] [ORBITAL] [info]   Orbital v0.1.0
[19:30:46.606] [ORBITAL] [info]   Application: Orbital — Quantum Mechanics Visualization
[19:30:46.606] [ORBITAL] [info] ──────────────────────────────────────────
[19:30:46.606] [ORBITAL] [info] Engine initialising...
[19:30:46.606] [ORBITAL] [info] Creating window 'Orbital — Quantum Mechanics Visualization' (1600x900)
[19:30:46.940] [ORBITAL] [info] ──────────────────────────────────────────
[19:30:46.940] [ORBITAL] [info] OpenGL context initialised
[19:30:46.940] [ORBITAL] [info]   Vendor   : ATI Technologies Inc.
[19:30:46.940] [ORBITAL] [info]   Renderer : AMD Radeon(TM) Graphics
[19:30:46.940] [ORBITAL] [info]   Version  : 4.6.0 Core Profile Context 24.9.1.240813
[19:30:46.940] [ORBITAL] [info] ──────────────────────────────────────────
[19:30:46.940] [ORBITAL] [info] GL_KHR_debug installed (synchronous)
[19:30:46.940] [ORBITAL] [info] Window created successfully
[19:30:46.940] [ORBITAL] [trace] GLBuffer created (id=1)
[19:30:46.940] [ORBITAL] [info] RenderContext initialised (UBO id=1, size=304 bytes)
[19:30:46.940] [ORBITAL] [trace] Renderer constructed
[19:30:46.940] [ORBITAL] [info] Renderer initialised (1600x900)
[19:30:46.940] [ORBITAL] [trace] CameraManager: camera set
[19:30:46.940] [ORBITAL] [trace] CameraManager: controller set
[19:30:46.941] [ORBITAL] [info] Engine initialised
[19:30:46.941] [ORBITAL] [info] OrbitalApplication::OnInit() — pushing initial layers
[19:30:46.941] [ORBITAL] [info] OrbitalViewerModule::OnEnter()
[19:30:47.056] [ORBITAL] [trace] Shader 'point_density' linked (id=3)
[19:30:47.057] [ORBITAL] [trace] ResourceManager: loaded 'shaders/geometry/point_density' (id=1)
[19:30:47.060] [ORBITAL] [trace] Shader 'density_resolve' linked (id=4)
[19:30:47.060] [ORBITAL] [trace] ResourceManager: loaded 'shaders/geometry/density_resolve' (id=2)
[19:30:47.060] [ORBITAL] [trace] GLFramebuffer created 1600x900 (id=1)
[19:30:47.060] [ORBITAL] [trace] GLTexture created 1600x900x1 (id=1, fmt=4)
[19:30:47.060] [ORBITAL] [trace] GLFramebuffer 1600x900 complete (1 color, 0 depth)
[19:30:47.060] [ORBITAL] [trace] OrbitalViewerModule: Resized framebuffer to 1600x900
[19:30:47.060] [ORBITAL] [trace] GLVertexArray created (id=1)
[19:30:47.060] [ORBITAL] [trace] GLVertexArray created (id=2)
[19:30:47.060] [ORBITAL] [trace] MonteCarloSamplingPipeline: Prioritizing Direct Analytical Sampling for Hydrogen (n=1, l=0, m=0)
[19:30:47.206] [ORBITAL] [trace] GLBuffer created (id=2)
[19:30:47.208] [ORBITAL] [info] OrbitalViewerModule::OnEnter()
[19:30:47.208] [ORBITAL] [trace] GLVertexArray created (id=3)
[19:30:47.208] [ORBITAL] [trace] GLVertexArray created (id=1)
[19:30:47.208] [ORBITAL] [trace] MonteCarloSamplingPipeline: Prioritizing Direct Analytical Sampling for Hydrogen (n=1, l=0, m=0)
[19:30:47.355] [ORBITAL] [trace] GLBuffer created (id=3)
[19:30:47.356] [ORBITAL] [info] Layer 'ModuleLayer' pushed  (stack size: 1)
[19:30:47.356] [ORBITAL] [info] Entering main loop
[19:30:47.358] [ORBITAL] [trace] MonteCarloSamplingPipeline: Prioritizing Direct Analytical Sampling for Hydrogen (n=1, l=0, m=0)
[19:30:47.570] [ORBITAL] [info] Saved orbital screenshot: screenshots/hydrogen_1s.bmp
[19:30:47.572] [ORBITAL] [trace] MonteCarloSamplingPipeline: Prioritizing Direct Analytical Sampling for Hydrogen (n=2, l=0, m=0)
[19:30:48.890] [ORBITAL] [info] Saved orbital screenshot: screenshots/hydrogen_2s.bmp
[19:30:48.890] [ORBITAL] [trace] MonteCarloSamplingPipeline: Prioritizing Direct Analytical Sampling for Hydrogen (n=2, l=1, m=1)
[19:30:49.146] [ORBITAL] [info] Saved orbital screenshot: screenshots/hydrogen_2px.bmp
[19:30:49.147] [ORBITAL] [trace] MonteCarloSamplingPipeline: Prioritizing Direct Analytical Sampling for Hydrogen (n=2, l=1, m=-1)
[19:30:49.402] [ORBITAL] [info] Saved orbital screenshot: screenshots/hydrogen_2py.bmp
[19:30:49.402] [ORBITAL] [trace] MonteCarloSamplingPipeline: Prioritizing Direct Analytical Sampling for Hydrogen (n=2, l=1, m=0)
[19:30:49.654] [ORBITAL] [info] Saved orbital screenshot: screenshots/hydrogen_2pz.bmp
[19:30:49.654] [ORBITAL] [trace] MonteCarloSamplingPipeline: Prioritizing Direct Analytical Sampling for Hydrogen (n=1, l=0, m=0)
[19:30:49.800] [ORBITAL] [info] Auto-exit requested after generating verification package. Requesting shutdown...
[19:30:49.822] [ORBITAL] [info] Main loop exited | Frames: 1 | Uptime: 0.75s
[19:30:49.822] [ORBITAL] [info] OrbitalViewerModule::OnExit()
[19:30:49.823] [ORBITAL] [info] OrbitalViewerModule::OnExit()
[19:30:49.823] [ORBITAL] [info] LayerStack cleared
[19:30:49.824] [ORBITAL] [info] Renderer: total frames rendered: 1
[19:30:49.824] [ORBITAL] [info] Engine shut down
[19:30:49.858] [ORBITAL] [info] Window destroyed
[19:30:49.859] [ORBITAL] [info] Application destroyed
